------------------------------------------------------------
Timing Analyzer Summary
------------------------------------------------------------

Type  : Slow 1200mV 85C Model Setup 'clk'
Slack : -3.754
TNS   : -56.832

Type  : Slow 1200mV 85C Model Hold 'clk'
Slack : 0.508
TNS   : 0.000

Type  : Slow 1200mV 85C Model Minimum Pulse Width 'clk'
Slack : -3.000
TNS   : -43.149

Type  : Slow 1200mV 85C Model Minimum Pulse Width 'clock_divider:inst3|pulse'
Slack : -1.487
TNS   : -1.487

Type  : Slow 1200mV 0C Model Setup 'clk'
Slack : -3.483
TNS   : -49.032

Type  : Slow 1200mV 0C Model Hold 'clk'
Slack : 0.469
TNS   : 0.000

Type  : Slow 1200mV 0C Model Minimum Pulse Width 'clk'
Slack : -3.000
TNS   : -43.149

Type  : Slow 1200mV 0C Model Minimum Pulse Width 'clock_divider:inst3|pulse'
Slack : -1.487
TNS   : -1.487

Type  : Fast 1200mV 0C Model Setup 'clk'
Slack : -1.083
TNS   : -10.733

Type  : Fast 1200mV 0C Model Hold 'clk'
Slack : 0.204
TNS   : 0.000

Type  : Fast 1200mV 0C Model Minimum Pulse Width 'clk'
Slack : -3.000
TNS   : -31.737

Type  : Fast 1200mV 0C Model Minimum Pulse Width 'clock_divider:inst3|pulse'
Slack : -1.000
TNS   : -1.000

------------------------------------------------------------
